#-----------------------------------------------------------
# Vivado v2024.2 (64-bit)
# SW Build 5239630 on Fri Nov 08 22:35:27 MST 2024
# IP Build 5239520 on Sun Nov 10 16:12:51 MST 2024
# SharedData Build 5239561 on Fri Nov 08 14:39:27 MST 2024
# Start of session at: Fri Apr 11 16:33:04 2025
# Process ID         : 11568
# Current directory  : C:/Users/PC/Vivado/FeuxDeCirculation/FeuxDeCirculation.runs/synth_1
# Command line       : vivado.exe -log FeuTriColorSysteme.vds -product Vivado -mode batch -messageDb vivado.pb -notrace -source FeuTriColorSysteme.tcl
# Log file           : C:/Users/PC/Vivado/FeuxDeCirculation/FeuxDeCirculation.runs/synth_1/FeuTriColorSysteme.vds
# Journal file       : C:/Users/PC/Vivado/FeuxDeCirculation/FeuxDeCirculation.runs/synth_1\vivado.jou
# Running On         : DESKTOP-26A9125
# Platform           : Windows Server 2016 or Windows 10
# Operating System   : 19045
# Processor Detail   : Intel(R) Core(TM) i5-10310U CPU @ 1.70GHz
# CPU Frequency      : 2208 MHz
# CPU Physical cores : 4
# CPU Logical cores  : 8
# Host memory        : 16760 MB
# Swap memory        : 2550 MB
# Total Virtual      : 19311 MB
# Available Virtual  : 6820 MB
#-----------------------------------------------------------
source FeuTriColorSysteme.tcl -notrace
